=== MUTACION C05b — 2026-09-24T04:51:13-05:00
archivo: lib/repositories/RankingRepository.ts
perl: s/resultado: "entregada", \/\/ solo entregas exitosas/resultado: "incidente", \/\/ solo entregas exitosas/
--- diff aplicado:
diff --git a/lib/repositories/RankingRepository.ts b/lib/repositories/RankingRepository.ts
index e71bcdd3..7895d31c 100644
--- a/lib/repositories/RankingRepository.ts
+++ b/lib/repositories/RankingRepository.ts
@@ -51 +51 @@ export class RankingRepository implements IRankingRepository {
-        resultado: "entregada", // solo entregas exitosas
+        resultado: "incidente", // solo entregas exitosas
lineas cambiadas: 2
--- tests: tests/integration/db/455/caracterizacion/sql-crudo-analitica.test.ts
 ✓ tests/integration/db/455/caracterizacion/sql-crudo-analitica.test.ts > 455/C05 — numeros de la analitica (Postgres real) > invariantes > las filas del rollup de D, cubo a cubo y medida a medida 2ms
 ✓ tests/integration/db/455/caracterizacion/sql-crudo-analitica.test.ts > 455/C05 — numeros de la analitica (Postgres real) > invariantes > el intradia de D reproduce el rollup 0ms
 ✓ tests/integration/db/455/caracterizacion/sql-crudo-analitica.test.ts > 455/C05 — numeros de la analitica (Postgres real) > invariantes > la cohorte de carga de D por desenlace 0ms
 × tests/integration/db/455/caracterizacion/sql-crudo-analitica.test.ts > 455/C05 — numeros de la analitica (Postgres real) > invariantes > el ranking: una entrega vigente de mensajero1 en D 6ms
   → expected [ 'mensajero2:1' ] to deeply equal [ 'mensajero1:1' ]
 ✓ tests/integration/db/455/caracterizacion/sql-crudo-analitica.test.ts > 455/C05 — numeros de la analitica (Postgres real) > [INTERMEDIO] lo que la 455 cambia por diseño (R3) > la etiqueta de estatus del rollup operativo es el codigo 0ms
⎯⎯⎯⎯⎯⎯⎯ Failed Tests 1 ⎯⎯⎯⎯⎯⎯⎯
 FAIL  tests/integration/db/455/caracterizacion/sql-crudo-analitica.test.ts > 455/C05 — numeros de la analitica (Postgres real) > invariantes > el ranking: una entrega vigente de mensajero1 en D
AssertionError: expected [ 'mensajero2:1' ] to deeply equal [ 'mensajero1:1' ]
 Test Files  1 failed (1)
      Tests  1 failed | 4 passed (5)
--- tras revertir, git diff --stat -- lib app db:
(fin: vacio arriba = arbol limpio)
